
Memory Configuration

Name             Origin             Length             Attributes
*default*        0x0000000000000000 0xffffffffffffffff

Linker script and memory map

                0x0000000000001000                . = 0x1000

ro_segment      0x0000000000001000     0x1d98
 *(.text .rodata .rodata.*)
 .text          0x0000000000001000       0x24 crt.o
                0x0000000000001018                __main
                0x0000000000001000                _start
 .text          0x0000000000001024        0xc _syscall.o
                0x0000000000001024                _syscall
 .text          0x0000000000001030      0x42c lib.o
                0x00000000000010b8                syscall_execp
                0x0000000000001284                syscall_close
                0x00000000000013c4                syscall_create
                0x0000000000001370                syscall_write
                0x00000000000011a4                syscall_fork
                0x00000000000011f4                syscall_memlimit
                0x0000000000001114                syscall_exit
                0x0000000000001070                syscall_exec
                0x0000000000001030                syscall_halt
                0x00000000000012cc                syscall_read
                0x0000000000001414                syscall_delete
                0x000000000000115c                syscall_join
                0x0000000000001320                syscall_seek
                0x000000000000123c                syscall_open
 .text          0x000000000000145c     0x16c4 str.o
                0x000000000000171c                memcopy
                0x000000000000145c                snprintf
                0x00000000000014c4                stringcmp
                0x0000000000001a30                atoi
                0x000000000000199c                memoryset
                0x0000000000001c9c                strlen
                0x00000000000015dc                stringcopy
 .rodata        0x0000000000002b20      0x10c str.o
 .text          0x0000000000002c2c      0x13c test_join.o
                0x0000000000002c2c                main
 .rodata        0x0000000000002d68       0x30 test_join.o

rw_segment      0x0000000000003000        0x0
 *(.data .bss COMMON)
                0x0000000000003000                BINARY_ENDS_HERE = .
LOAD crt.o
LOAD _syscall.o
LOAD lib.o
LOAD str.o
LOAD test_join.o
OUTPUT(test_join elf32-bigmips)

.reginfo        0x0000000000000000       0x18
 .reginfo       0x0000000000000000       0x18 crt.o

.pdr            0x0000000000000000      0x3a0
 .pdr           0x0000000000000000       0x40 crt.o
 .pdr           0x0000000000000040       0x20 _syscall.o
 .pdr           0x0000000000000060      0x1c0 lib.o
 .pdr           0x0000000000000220      0x160 str.o
 .pdr           0x0000000000000380       0x20 test_join.o

.mdebug.abi32   0x0000000000000000        0x0

.comment        0x0000000000000000       0x36
 .comment       0x0000000000000000       0x12 lib.o
 .comment       0x0000000000000012       0x12 str.o
 .comment       0x0000000000000024       0x12 test_join.o

Cross Reference Table

Symbol                                            File
__main                                            crt.o
_start                                            crt.o
_syscall                                          _syscall.o
                                                  lib.o
atoi                                              str.o
main                                              test_join.o
                                                  crt.o
memcopy                                           str.o
memoryset                                         str.o
snprintf                                          str.o
stringcmp                                         str.o
stringcopy                                        str.o
                                                  test_join.o
strlen                                            str.o
syscall_close                                     lib.o
syscall_create                                    lib.o
syscall_delete                                    lib.o
syscall_exec                                      lib.o
syscall_execp                                     lib.o
                                                  test_join.o
syscall_exit                                      lib.o
syscall_fork                                      lib.o
syscall_halt                                      lib.o
                                                  test_join.o
syscall_join                                      lib.o
                                                  test_join.o
syscall_memlimit                                  lib.o
syscall_open                                      lib.o
syscall_read                                      lib.o
syscall_seek                                      lib.o
syscall_write                                     lib.o
